// Jest Snapshot v1, https://goo.gl/fbAQLP

exports[`renders correctly 1`] = `
<RCTSafeAreaView
  emulateUnlessSupported={true}
  style={
    Object {
      "alignItems": "center",
      "backgroundColor": "#fe4",
      "flex": 1,
      "justifyContent": "center",
    }
  }
>
  <View
    accessible={true}
    focusable={true}
    onClick={[Function]}
    onResponderGrant={[Function]}
    onResponderMove={[Function]}
    onResponderRelease={[Function]}
    onResponderTerminate={[Function]}
    onResponderTerminationRequest={[Function]}
    onStartShouldSetResponder={[Function]}
    style={
      Object {
        "left": 30,
        "opacity": 1,
        "position": "absolute",
        "top": 60,
      }
    }
  >
    <Text>
      GO BACK
    </Text>
  </View>
  <View
    style={
      Object {
        "alignSelf": "center",
        "backgroundColor": "#fef",
        "borderRadius": 10,
        "borderWidth": 1,
        "padding": 20,
      }
    }
  >
    <Text
      style={
        Object {
          "textAlign": "center",
        }
      }
    >
      xys
    </Text>
    <Text
      style={
        Object {
          "textAlign": "center",
        }
      }
    >
      cvb
    </Text>
    <Text
      style={
        Object {
          "textAlign": "center",
        }
      }
    >
      asd
    </Text>
  </View>
</RCTSafeAreaView>
`;
