// Jest Snapshot v1, https://goo.gl/fbAQLP

exports[`renders correctly 1`] = `
<RCTSafeAreaView
  emulateUnlessSupported={true}
  style={
    Object {
      "flex": 1,
      "justifyContent": "center",
    }
  }
>
  <View
    accessible={true}
    focusable={true}
    onClick={[Function]}
    onResponderGrant={[Function]}
    onResponderMove={[Function]}
    onResponderRelease={[Function]}
    onResponderTerminate={[Function]}
    onResponderTerminationRequest={[Function]}
    onStartShouldSetResponder={[Function]}
    style={
      Object {
        "left": 20,
        "opacity": 1,
        "position": "absolute",
        "top": 70,
      }
    }
  >
    <Text>
      GO BACK
    </Text>
  </View>
  <View
    style={
      Object {
        "alignSelf": "center",
        "backgroundColor": "#eceb",
        "borderRadius": 15,
        "borderWidth": 1,
        "padding": 20,
      }
    }
  >
    <Image
      source={
        Object {
          "uri": "url",
        }
      }
      style={
        Object {
          "alignSelf": "center",
          "height": 100,
          "width": 100,
        }
      }
    />
    <Text
      style={
        Object {
          "paddingTop": 10,
          "textAlign": "center",
        }
      }
    >
      Delhi
    </Text>
    <Text
      style={
        Object {
          "paddingTop": 10,
          "textAlign": "center",
        }
      }
    >
      India
    </Text>
    <Text
      style={
        Object {
          "paddingTop": 10,
          "textAlign": "center",
        }
      }
    >
      12345
    </Text>
  </View>
  <View
    accessible={true}
    focusable={true}
    onClick={[Function]}
    onResponderGrant={[Function]}
    onResponderMove={[Function]}
    onResponderRelease={[Function]}
    onResponderTerminate={[Function]}
    onResponderTerminationRequest={[Function]}
    onStartShouldSetResponder={[Function]}
    style={
      Object {
        "alignSelf": "center",
        "backgroundColor": "blue",
        "borderRadius": 5,
        "marginTop": 30,
        "opacity": 1,
        "paddingHorizontal": 15,
        "paddingVertical": 7,
        "width": "50%",
      }
    }
  >
    <Text
      style={
        Object {
          "color": "#fff",
          "textAlign": "center",
        }
      }
    >
      GET WEATHER
    </Text>
  </View>
</RCTSafeAreaView>
`;
